=== TABLE12: cid=96 stake=1000000 players=13 build=ve6a716ae reuse=true ===
  reusing cid 96: 2 seated, signed scores=[5500]
file:///mnt/agents/output/monorepo-clone/.tmp-kit-campaign.mjs:5780
        throw new URLTokenBaseHTTPError(message, {
              ^

URLTokenBaseHTTPError: Network request error. Received status 400 (Bad Request): TransactionPool.Remember: transaction DD6DSOVJ26X3GJYTPRMMITBEWQTR5ECCMH4NAC7XIUUXVH35W5KQ: underflow on subtracting 1000000 from sender amount 0
    at _URLTokenBaseHTTPClient.checkHttpError (file:///mnt/agents/output/monorepo-clone/.tmp-kit-campaign.mjs:5780:15)
    at process.processTicksAndRejections (node:internal/process/task_queues:95:5)
    at async _URLTokenBaseHTTPClient.formatFetchResponse (file:///mnt/agents/output/monorepo-clone/.tmp-kit-campaign.mjs:5787:9)
    at async _HTTPClient.post (file:///mnt/agents/output/monorepo-clone/.tmp-kit-campaign.mjs:6014:23)
    at async SendRawTransaction.do (file:///mnt/agents/output/monorepo-clone/.tmp-kit-campaign.mjs:18224:21)
    at async send (file:///mnt/agents/output/monorepo-clone/scripts/e2e-mainnet-campaign.mjs:105:13)
    at async table12 (file:///mnt/agents/output/monorepo-clone/scripts/e2e-mainnet-campaign.mjs:202:5)
    at async file:///mnt/agents/output/monorepo-clone/scripts/e2e-mainnet-campaign.mjs:311:43 {
  response: HTTPClientResponse {
    body: Uint8Array(160) [
      123,  34, 109, 101, 115, 115,  97, 103, 101,  34,  58,  34,
       84, 114,  97, 110, 115,  97,  99, 116, 105, 111, 110,  80,
      111, 111, 108,  46,  82, 101, 109, 101, 109,  98, 101, 114,
       58,  32, 116, 114,  97, 110, 115,  97,  99, 116, 105, 111,
      110,  32,  68,  68,  54,  68,  83,  79,  86,  74,  50,  54,
       88,  51,  71,  74,  89,  84,  80,  82,  77,  77,  73,  84,
       66,  69,  87,  81,  84,  82,  53,  69,  67,  67,  77,  72,
       52,  78,  65,  67,  55,  88,  73,  85,  85,  88,  86,  72,
       51,  53,  87,  53,
      ... 60 more items
    ],
    text: '{"message":"TransactionPool.Remember: transaction DD6DSOVJ26X3GJYTPRMMITBEWQTR5ECCMH4NAC7XIUUXVH35W5KQ: underflow on subtracting 1000000 from sender amount 0"}\n',
    format: 'application/json',
    headers: {
      '160': 'content-length',
      '*': 'access-control-allow-origin',
      'h3=":443"; ma=86400': 'alt-svc',
      DYNAMIC: 'cf-cache-status',
      'a34437b99b87dde7-FRA': 'cf-ray',
      'keep-alive': 'connection',
      'application/json': 'content-type',
      'Tue, 01 Sep 2026 12:18:27 GMT': 'date',
      cloudflare: 'server',
      'Accept-Encoding, Origin': 'vary',
      'mainnet-v1.0': 'x-and-bl',
      'de1@de_central': 'x-and-nl',
      '0.053': 'x-and-rt',
      'algod-catchup-sticky': 'x-and-sr'
    },
    status: 400,
    ok: false
  },
  status: 400
}

Node.js v20.20.2
